../Core/Src/main.c:72:6:MEMS_Write	16	static
../Core/Src/main.c:81:6:Reset_Interupt	8	static
../Core/Src/main.c:101:6:Task1	16	static
../Core/Src/main.c:113:6:Task2_handle	24	static
../Core/Src/main.c:144:5:main	16	static
../Core/Src/main.c:192:6:SystemClock_Config	88	static
../Core/Src/main.c:237:13:MX_SPI1_Init	8	static
../Core/Src/main.c:275:13:MX_GPIO_Init	56	static
../Core/Src/main.c:399:6:HAL_GPIO_EXTI_Callback	24	static,ignoring_inline_asm
../Core/Src/main.c:419:6:HAL_TIM_PeriodElapsedCallback	16	static
../Core/Src/main.c:436:6:Error_Handler	4	static,ignoring_inline_asm
