Archive member included to satisfy reference by file (symbol)

c:/st/stm32cubeide_1.11.2/stm32cubeide/plugins/com.st.stm32cube.ide.mcu.externaltools.gnu-tools-for-stm32.10.3-2021.10.win32_1.0.100.202210260954/tools/bin/../lib/gcc/arm-none-eabi/10.3.1/../../../../arm-none-eabi/lib/thumb/v7e-m+fp/hard\libc_nano.a(lib_a-errno.o)
                              ./Core/Src/syscalls.o (__errno)
c:/st/stm32cubeide_1.11.2/stm32cubeide/plugins/com.st.stm32cube.ide.mcu.externaltools.gnu-tools-for-stm32.10.3-2021.10.win32_1.0.100.202210260954/tools/bin/../lib/gcc/arm-none-eabi/10.3.1/../../../../arm-none-eabi/lib/thumb/v7e-m+fp/hard\libc_nano.a(lib_a-exit.o)
                              c:/st/stm32cubeide_1.11.2/stm32cubeide/plugins/com.st.stm32cube.ide.mcu.externaltools.gnu-tools-for-stm32.10.3-2021.10.win32_1.0.100.202210260954/tools/bin/../lib/gcc/arm-none-eabi/10.3.1/../../../../arm-none-eabi/lib/thumb/v7e-m+fp/hard/crt0.o (exit)
c:/st/stm32cubeide_1.11.2/stm32cubeide/plugins/com.st.stm32cube.ide.mcu.externaltools.gnu-tools-for-stm32.10.3-2021.10.win32_1.0.100.202210260954/tools/bin/../lib/gcc/arm-none-eabi/10.3.1/../../../../arm-none-eabi/lib/thumb/v7e-m+fp/hard\libc_nano.a(lib_a-impure.o)
                              c:/st/stm32cubeide_1.11.2/stm32cubeide/plugins/com.st.stm32cube.ide.mcu.externaltools.gnu-tools-for-stm32.10.3-2021.10.win32_1.0.100.202210260954/tools/bin/../lib/gcc/arm-none-eabi/10.3.1/../../../../arm-none-eabi/lib/thumb/v7e-m+fp/hard\libc_nano.a(lib_a-exit.o) (_global_impure_ptr)
c:/st/stm32cubeide_1.11.2/stm32cubeide/plugins/com.st.stm32cube.ide.mcu.externaltools.gnu-tools-for-stm32.10.3-2021.10.win32_1.0.100.202210260954/tools/bin/../lib/gcc/arm-none-eabi/10.3.1/../../../../arm-none-eabi/lib/thumb/v7e-m+fp/hard\libc_nano.a(lib_a-init.o)
                              c:/st/stm32cubeide_1.11.2/stm32cubeide/plugins/com.st.stm32cube.ide.mcu.externaltools.gnu-tools-for-stm32.10.3-2021.10.win32_1.0.100.202210260954/tools/bin/../lib/gcc/arm-none-eabi/10.3.1/../../../../arm-none-eabi/lib/thumb/v7e-m+fp/hard/crt0.o (__libc_init_array)
c:/st/stm32cubeide_1.11.2/stm32cubeide/plugins/com.st.stm32cube.ide.mcu.externaltools.gnu-tools-for-stm32.10.3-2021.10.win32_1.0.100.202210260954/tools/bin/../lib/gcc/arm-none-eabi/10.3.1/../../../../arm-none-eabi/lib/thumb/v7e-m+fp/hard\libc_nano.a(lib_a-memcpy-stub.o)
                              ./FreeRTOS/queue.o (memcpy)
c:/st/stm32cubeide_1.11.2/stm32cubeide/plugins/com.st.stm32cube.ide.mcu.externaltools.gnu-tools-for-stm32.10.3-2021.10.win32_1.0.100.202210260954/tools/bin/../lib/gcc/arm-none-eabi/10.3.1/../../../../arm-none-eabi/lib/thumb/v7e-m+fp/hard\libc_nano.a(lib_a-memset.o)
                              c:/st/stm32cubeide_1.11.2/stm32cubeide/plugins/com.st.stm32cube.ide.mcu.externaltools.gnu-tools-for-stm32.10.3-2021.10.win32_1.0.100.202210260954/tools/bin/../lib/gcc/arm-none-eabi/10.3.1/../../../../arm-none-eabi/lib/thumb/v7e-m+fp/hard/crt0.o (memset)
c:/st/stm32cubeide_1.11.2/stm32cubeide/plugins/com.st.stm32cube.ide.mcu.externaltools.gnu-tools-for-stm32.10.3-2021.10.win32_1.0.100.202210260954/tools/bin/../lib/gcc/arm-none-eabi/10.3.1/thumb/v7e-m+fp/hard\libgcc.a(_aeabi_uldivmod.o)
                              ./Drivers/STM32F4xx_HAL_Driver/Src/stm32f4xx_hal_rcc.o (__aeabi_uldivmod)
c:/st/stm32cubeide_1.11.2/stm32cubeide/plugins/com.st.stm32cube.ide.mcu.externaltools.gnu-tools-for-stm32.10.3-2021.10.win32_1.0.100.202210260954/tools/bin/../lib/gcc/arm-none-eabi/10.3.1/thumb/v7e-m+fp/hard\libgcc.a(_udivmoddi4.o)
                              c:/st/stm32cubeide_1.11.2/stm32cubeide/plugins/com.st.stm32cube.ide.mcu.externaltools.gnu-tools-for-stm32.10.3-2021.10.win32_1.0.100.202210260954/tools/bin/../lib/gcc/arm-none-eabi/10.3.1/thumb/v7e-m+fp/hard\libgcc.a(_aeabi_uldivmod.o) (__udivmoddi4)
c:/st/stm32cubeide_1.11.2/stm32cubeide/plugins/com.st.stm32cube.ide.mcu.externaltools.gnu-tools-for-stm32.10.3-2021.10.win32_1.0.100.202210260954/tools/bin/../lib/gcc/arm-none-eabi/10.3.1/thumb/v7e-m+fp/hard\libgcc.a(_dvmd_tls.o)
                              c:/st/stm32cubeide_1.11.2/stm32cubeide/plugins/com.st.stm32cube.ide.mcu.externaltools.gnu-tools-for-stm32.10.3-2021.10.win32_1.0.100.202210260954/tools/bin/../lib/gcc/arm-none-eabi/10.3.1/thumb/v7e-m+fp/hard\libgcc.a(_aeabi_uldivmod.o) (__aeabi_ldiv0)

Discarded input sections

 .text          0x0000000000000000        0x0 c:/st/stm32cubeide_1.11.2/stm32cubeide/plugins/com.st.stm32cube.ide.mcu.externaltools.gnu-tools-for-stm32.10.3-2021.10.win32_1.0.100.202210260954/tools/bin/../lib/gcc/arm-none-eabi/10.3.1/thumb/v7e-m+fp/hard/crti.o
 .data          0x0000000000000000        0x0 c:/st/stm32cubeide_1.11.2/stm32cubeide/plugins/com.st.stm32cube.ide.mcu.externaltools.gnu-tools-for-stm32.10.3-2021.10.win32_1.0.100.202210260954/tools/bin/../lib/gcc/arm-none-eabi/10.3.1/thumb/v7e-m+fp/hard/crti.o
[...]
Memory Configuration

Name             Origin             Length             Attributes
CCMRAM           0x0000000010000000 0x0000000000010000 xrw
RAM              0x0000000020000000 0x0000000000020000 xrw
FLASH            0x0000000008000000 0x0000000000100000 xr
*default*        0x0000000000000000 0xffffffffffffffff

Linker script and memory map

LOAD c:/st/stm32cubeide_1.11.2/stm32cubeide/plugins/com.st.stm32cube.ide.mcu.externaltools.gnu-tools-for-stm32.10.3-2021.10.win32_1.0.100.202210260954/tools/bin/../lib/gcc/arm-none-eabi/10.3.1/thumb/v7e-m+fp/hard/crti.o
LOAD c:/st/stm32cubeide_1.11.2/stm32cubeide/plugins/com.st.stm32cube.ide.mcu.externaltools.gnu-tools-for-stm32.10.3-2021.10.win32_1.0.100.202210260954/tools/bin/../lib/gcc/arm-none-eabi/10.3.1/thumb/v7e-m+fp/hard/crtbegin.o
LOAD c:/st/stm32cubeide_1.11.2/stm32cubeide/plugins/com.st.stm32cube.ide.mcu.externaltools.gnu-tools-for-stm32.10.3-2021.10.win32_1.0.100.202210260954/tools/bin/../lib/gcc/arm-none-eabi/10.3.1/../../../../arm-none-eabi/lib/thumb/v7e-m+fp/hard/crt0.o
LOAD ./Core/Src/main.o
LOAD ./Core/Src/stm32f4xx_hal_msp.o
LOAD ./Core/Src/stm32f4xx_hal_timebase_tim.o
LOAD ./Core/Src/stm32f4xx_it.o
LOAD ./Core/Src/syscalls.o
LOAD ./Core/Src/sysmem.o
LOAD ./Core/Src/system_stm32f4xx.o
LOAD ./Core/Startup/startup_stm32f407vgtx.o
LOAD ./Drivers/STM32F4xx_HAL_Driver/Src/stm32f4xx_hal.o
LOAD ./Drivers/STM32F4xx_HAL_Driver/Src/stm32f4xx_hal_cortex.o
LOAD ./Drivers/STM32F4xx_HAL_Driver/Src/stm32f4xx_hal_dma.o
LOAD ./Drivers/STM32F4xx_HAL_Driver/Src/stm32f4xx_hal_dma_ex.o
LOAD ./Drivers/STM32F4xx_HAL_Driver/Src/stm32f4xx_hal_exti.o
LOAD ./Drivers/STM32F4xx_HAL_Driver/Src/stm32f4xx_hal_flash.o
LOAD ./Drivers/STM32F4xx_HAL_Driver/Src/stm32f4xx_hal_flash_ex.o
LOAD ./Drivers/STM32F4xx_HAL_Driver/Src/stm32f4xx_hal_flash_ramfunc.o
LOAD ./Drivers/STM32F4xx_HAL_Driver/Src/stm32f4xx_hal_gpio.o
LOAD ./Drivers/STM32F4xx_HAL_Driver/Src/stm32f4xx_hal_pwr.o
LOAD ./Drivers/STM32F4xx_HAL_Driver/Src/stm32f4xx_hal_pwr_ex.o
LOAD ./Drivers/STM32F4xx_HAL_Driver/Src/stm32f4xx_hal_rcc.o
LOAD ./Drivers/STM32F4xx_HAL_Driver/Src/stm32f4xx_hal_rcc_ex.o
LOAD ./Drivers/STM32F4xx_HAL_Driver/Src/stm32f4xx_hal_tim.o
LOAD ./Drivers/STM32F4xx_HAL_Driver/Src/stm32f4xx_hal_tim_ex.o
LOAD ./FreeRTOS/croutine.o
LOAD ./FreeRTOS/event_groups.o
LOAD ./FreeRTOS/list.o
LOAD ./FreeRTOS/queue.o
LOAD ./FreeRTOS/stream_buffer.o
LOAD ./FreeRTOS/tasks.o
LOAD ./FreeRTOS/timers.o
LOAD ./FreeRTOS/portable/ARM_CM4F/port.o
LOAD ./FreeRTOS/portable/MemMang/heap_4.o
START GROUP
LOAD c:/st/stm32cubeide_1.11.2/stm32cubeide/plugins/com.st.stm32cube.ide.mcu.externaltools.gnu-tools-for-stm32.10.3-2021.10.win32_1.0.100.202210260954/tools/bin/../lib/gcc/arm-none-eabi/10.3.1/../../../../arm-none-eabi/lib/thumb/v7e-m+fp/hard\libc_nano.a
LOAD c:/st/stm32cubeide_1.11.2/stm32cubeide/plugins/com.st.stm32cube.ide.mcu.externaltools.gnu-tools-for-stm32.10.3-2021.10.win32_1.0.100.202210260954/tools/bin/../lib/gcc/arm-none-eabi/10.3.1/../../../../arm-none-eabi/lib/thumb/v7e-m+fp/hard\libm.a
END GROUP
START GROUP
LOAD c:/st/stm32cubeide_1.11.2/stm32cubeide/plugins/com.st.stm32cube.ide.mcu.externaltools.gnu-tools-for-stm32.10.3-2021.10.win32_1.0.100.202210260954/tools/bin/../lib/gcc/arm-none-eabi/10.3.1/thumb/v7e-m+fp/hard\libgcc.a
LOAD c:/st/stm32cubeide_1.11.2/stm32cubeide/plugins/com.st.stm32cube.ide.mcu.externaltools.gnu-tools-for-stm32.10.3-2021.10.win32_1.0.100.202210260954/tools/bin/../lib/gcc/arm-none-eabi/10.3.1/../../../../arm-none-eabi/lib/thumb/v7e-m+fp/hard\libc_nano.a
END GROUP
START GROUP
LOAD c:/st/stm32cubeide_1.11.2/stm32cubeide/plugins/com.st.stm32cube.ide.mcu.externaltools.gnu-tools-for-stm32.10.3-2021.10.win32_1.0.100.202210260954/tools/bin/../lib/gcc/arm-none-eabi/10.3.1/thumb/v7e-m+fp/hard\libgcc.a
LOAD c:/st/stm32cubeide_1.11.2/stm32cubeide/plugins/com.st.stm32cube.ide.mcu.externaltools.gnu-tools-for-stm32.10.3-2021.10.win32_1.0.100.202210260954/tools/bin/../lib/gcc/arm-none-eabi/10.3.1/../../../../arm-none-eabi/lib/thumb/v7e-m+fp/hard\libc_nano.a
LOAD c:/st/stm32cubeide_1.11.2/stm32cubeide/plugins/com.st.stm32cube.ide.mcu.externaltools.gnu-tools-for-stm32.10.3-2021.10.win32_1.0.100.202210260954/tools/bin/../lib/gcc/arm-none-eabi/10.3.1/../../../../arm-none-eabi/lib/thumb/v7e-m+fp/hard\libnosys.a
END GROUP
START GROUP
LOAD c:/st/stm32cubeide_1.11.2/stm32cubeide/plugins/com.st.stm32cube.ide.mcu.externaltools.gnu-tools-for-stm32.10.3-2021.10.win32_1.0.100.202210260954/tools/bin/../lib/gcc/arm-none-eabi/10.3.1/thumb/v7e-m+fp/hard\libgcc.a
LOAD c:/st/stm32cubeide_1.11.2/stm32cubeide/plugins/com.st.stm32cube.ide.mcu.externaltools.gnu-tools-for-stm32.10.3-2021.10.win32_1.0.100.202210260954/tools/bin/../lib/gcc/arm-none-eabi/10.3.1/../../../../arm-none-eabi/lib/thumb/v7e-m+fp/hard\libc_nano.a
LOAD c:/st/stm32cubeide_1.11.2/stm32cubeide/plugins/com.st.stm32cube.ide.mcu.externaltools.gnu-tools-for-stm32.10.3-2021.10.win32_1.0.100.202210260954/tools/bin/../lib/gcc/arm-none-eabi/10.3.1/../../../../arm-none-eabi/lib/thumb/v7e-m+fp/hard\libnosys.a
END GROUP
LOAD c:/st/stm32cubeide_1.11.2/stm32cubeide/plugins/com.st.stm32cube.ide.mcu.externaltools.gnu-tools-for-stm32.10.3-2021.10.win32_1.0.100.202210260954/tools/bin/../lib/gcc/arm-none-eabi/10.3.1/thumb/v7e-m+fp/hard/crtend.o
LOAD c:/st/stm32cubeide_1.11.2/stm32cubeide/plugins/com.st.stm32cube.ide.mcu.externaltools.gnu-tools-for-stm32.10.3-2021.10.win32_1.0.100.202210260954/tools/bin/../lib/gcc/arm-none-eabi/10.3.1/thumb/v7e-m+fp/hard/crtn.o
                0x0000000020020000                _estack = (ORIGIN (RAM) + LENGTH (RAM))
                0x0000000000000200                _Min_Heap_Size = 0x200
                0x0000000000000400                _Min_Stack_Size = 0x400

.isr_vector     0x0000000008000000      0x188
                0x0000000008000000                . = ALIGN (0x4)
 *(.isr_vector)
 .isr_vector    0x0000000008000000      0x188 ./Core/Startup/startup_stm32f407vgtx.o
                0x0000000008000000                g_pfnVectors
                0x0000000008000188                . = ALIGN (0x4)

.text           0x0000000008000190     0x45e8
                0x0000000008000190                . = ALIGN (0x4)
 *(.text)
 .text          0x0000000008000190       0x40 c:/st/stm32cubeide_1.11.2/stm32cubeide/plugins/com.st.stm32cube.ide.mcu.externaltools.gnu-tools-for-stm32.10.3-2021.10.win32_1.0.100.202210260954/tools/bin/../lib/gcc/arm-none-eabi/10.3.1/thumb/v7e-m+fp/hard/crtbegin.o
 .text          0x00000000080001d0       0x30 c:/st/stm32cubeide_1.11.2/stm32cubeide/plugins/com.st.stm32cube.ide.mcu.externaltools.gnu-tools-for-stm32.10.3-2021.10.win32_1.0.100.202210260954/tools/bin/../lib/gcc/arm-none-eabi/10.3.1/thumb/v7e-m+fp/hard\libgcc.a(_aeabi_uldivmod.o)
                0x00000000080001d0                __aeabi_uldivmod
 .text          0x0000000008000200      0x2d0 c:/st/stm32cubeide_1.11.2/stm32cubeide/plugins/com.st.stm32cube.ide.mcu.externaltools.gnu-tools-for-stm32.10.3-2021.10.win32_1.0.100.202210260954/tools/bin/../lib/gcc/arm-none-eabi/10.3.1/thumb/v7e-m+fp/hard\libgcc.a(_udivmoddi4.o)
                0x0000000008000200                __udivmoddi4
 .text          0x00000000080004d0        0x4 c:/st/stm32cubeide_1.11.2/stm32cubeide/plugins/com.st.stm32cube.ide.mcu.externaltools.gnu-tools-for-stm32.10.3-2021.10.win32_1.0.100.202210260954/tools/bin/../lib/gcc/arm-none-eabi/10.3.1/thumb/v7e-m+fp/hard\libgcc.a(_dvmd_tls.o)
                0x00000000080004d0                __aeabi_idiv0
                0x00000000080004d0                __aeabi_ldiv0
 *(.text*)
 .text.button   0x00000000080004d4       0x3c ./Core/Src/main.o
                0x00000000080004d4                button
 .text.LED_Task
                0x0000000008000510       0xc0 ./Core/Src/main.o
                0x0000000008000510                LED_Task
 .text.main     0x00000000080005d0       0x68 ./Core/Src/main.o
                0x00000000080005d0                main
 .text.SystemClock_Config
                0x0000000008000638       0xd4 ./Core/Src/main.o
                0x0000000008000638                SystemClock_Config
 .text.MX_GPIO_Init
                0x000000000800070c      0x2c4 ./Core/Src/main.o
 .text.HAL_TIM_PeriodElapsedCallback
                0x00000000080009d0       0x24 ./Core/Src/main.o
                0x00000000080009d0                HAL_TIM_PeriodElapsedCallback
 .text.Error_Handler
                0x00000000080009f4        0xa ./Core/Src/main.o
                0x00000000080009f4                Error_Handler
 *fill*         0x00000000080009fe        0x2 
 .text.HAL_MspInit
                0x0000000008000a00       0x50 ./Core/Src/stm32f4xx_hal_msp.o
                0x0000000008000a00                HAL_MspInit
 .text.HAL_InitTick
                0x0000000008000a50       0xf8 ./Core/Src/stm32f4xx_hal_timebase_tim.o
                0x0000000008000a50                HAL_InitTick
 .text.NMI_Handler
                0x0000000008000b48        0x6 ./Core/Src/stm32f4xx_it.o
                0x0000000008000b48                NMI_Handler
 .text.HardFault_Handler
                0x0000000008000b4e        0x6 ./Core/Src/stm32f4xx_it.o
                0x0000000008000b4e                HardFault_Handler
 .text.MemManage_Handler
                0x0000000008000b54        0x6 ./Core/Src/stm32f4xx_it.o
                0x0000000008000b54                MemManage_Handler
 .text.BusFault_Handler
                0x0000000008000b5a        0x6 ./Core/Src/stm32f4xx_it.o
                0x0000000008000b5a                BusFault_Handler
 .text.UsageFault_Handler
                0x0000000008000b60        0x6 ./Core/Src/stm32f4xx_it.o
                0x0000000008000b60                UsageFault_Handler
 .text.DebugMon_Handler
                0x0000000008000b66        0xe ./Core/Src/stm32f4xx_it.o
                0x0000000008000b66                DebugMon_Handler
 .text.TIM7_IRQHandler
                0x0000000008000b74       0x14 ./Core/Src/stm32f4xx_it.o
                0x0000000008000b74                TIM7_IRQHandler
 .text.SystemInit
                0x0000000008000b88       0x24 ./Core/Src/system_stm32f4xx.o
                0x0000000008000b88                SystemInit
 .text.Reset_Handler
                0x0000000008000bac       0x50 ./Core/Startup/startup_stm32f407vgtx.o
                0x0000000008000bac                Reset_Handler
 .text.Default_Handler
                0x0000000008000bfc        0x2 ./Core/Startup/startup_stm32f407vgtx.o
                0x0000000008000bfc                RTC_Alarm_IRQHandler
                0x0000000008000bfc                HASH_RNG_IRQHandler
                0x0000000008000bfc                EXTI2_IRQHandler
                0x0000000008000bfc                TIM8_CC_IRQHandler
                0x0000000008000bfc                TIM1_CC_IRQHandler
                0x0000000008000bfc                DMA2_Stream5_IRQHandler
                0x0000000008000bfc                DMA1_Stream5_IRQHandler
                0x0000000008000bfc                PVD_IRQHandler
                0x0000000008000bfc                SDIO_IRQHandler
                0x0000000008000bfc                TAMP_STAMP_IRQHandler
                0x0000000008000bfc                CAN2_RX1_IRQHandler
                0x0000000008000bfc                EXTI3_IRQHandler
                0x0000000008000bfc                TIM8_TRG_COM_TIM14_IRQHandler
                0x0000000008000bfc                TIM1_UP_TIM10_IRQHandler
                0x0000000008000bfc                TIM8_UP_TIM13_IRQHandler
                0x0000000008000bfc                I2C3_ER_IRQHandler
                0x0000000008000bfc                EXTI0_IRQHandler
                0x0000000008000bfc                I2C2_EV_IRQHandler
                0x0000000008000bfc                DMA1_Stream2_IRQHandler
                0x0000000008000bfc                CAN1_RX0_IRQHandler
                0x0000000008000bfc                FPU_IRQHandler
                0x0000000008000bfc                OTG_HS_WKUP_IRQHandler
                0x0000000008000bfc                CAN2_SCE_IRQHandler
                0x0000000008000bfc                DMA2_Stream2_IRQHandler
                0x0000000008000bfc                SPI1_IRQHandler
                0x0000000008000bfc                TIM6_DAC_IRQHandler
                0x0000000008000bfc                TIM1_BRK_TIM9_IRQHandler
                0x0000000008000bfc                DCMI_IRQHandler
                0x0000000008000bfc                CAN2_RX0_IRQHandler
                0x0000000008000bfc                DMA2_Stream3_IRQHandler
                0x0000000008000bfc                USART6_IRQHandler
                0x0000000008000bfc                USART3_IRQHandler
                0x0000000008000bfc                CAN1_RX1_IRQHandler
                0x0000000008000bfc                UART5_IRQHandler
                0x0000000008000bfc                DMA2_Stream0_IRQHandler
                0x0000000008000bfc                TIM4_IRQHandler
                0x0000000008000bfc                I2C1_EV_IRQHandler
                0x0000000008000bfc                DMA1_Stream6_IRQHandler
                0x0000000008000bfc                DMA1_Stream1_IRQHandler
                0x0000000008000bfc                UART4_IRQHandler
                0x0000000008000bfc                TIM3_IRQHandler
                0x0000000008000bfc                RCC_IRQHandler
                0x0000000008000bfc                TIM8_BRK_TIM12_IRQHandler
                0x0000000008000bfc                Default_Handler
                0x0000000008000bfc                EXTI15_10_IRQHandler
                0x0000000008000bfc                ADC_IRQHandler
                0x0000000008000bfc                DMA1_Stream7_IRQHandler
                0x0000000008000bfc                CAN2_TX_IRQHandler
                0x0000000008000bfc                TIM5_IRQHandler
                0x0000000008000bfc                DMA2_Stream7_IRQHandler
                0x0000000008000bfc                I2C3_EV_IRQHandler
                0x0000000008000bfc                EXTI9_5_IRQHandler
                0x0000000008000bfc                RTC_WKUP_IRQHandler
                0x0000000008000bfc                ETH_WKUP_IRQHandler
                0x0000000008000bfc                SPI2_IRQHandler
                0x0000000008000bfc                OTG_HS_EP1_IN_IRQHandler
                0x0000000008000bfc                DMA1_Stream0_IRQHandler
                0x0000000008000bfc                CAN1_TX_IRQHandler
                0x0000000008000bfc                EXTI4_IRQHandler
                0x0000000008000bfc                FSMC_IRQHandler
                0x0000000008000bfc                ETH_IRQHandler
                0x0000000008000bfc                OTG_HS_EP1_OUT_IRQHandler
                0x0000000008000bfc                WWDG_IRQHandler
                0x0000000008000bfc                TIM2_IRQHandler
                0x0000000008000bfc                OTG_FS_WKUP_IRQHandler
                0x0000000008000bfc                TIM1_TRG_COM_TIM11_IRQHandler
                0x0000000008000bfc                OTG_HS_IRQHandler
                0x0000000008000bfc                EXTI1_IRQHandler
                0x0000000008000bfc                USART2_IRQHandler
                0x0000000008000bfc                I2C2_ER_IRQHandler
                0x0000000008000bfc                DMA2_Stream1_IRQHandler
                0x0000000008000bfc                CAN1_SCE_IRQHandler
                0x0000000008000bfc                FLASH_IRQHandler
                0x0000000008000bfc                DMA2_Stream4_IRQHandler
                0x0000000008000bfc                USART1_IRQHandler
                0x0000000008000bfc                OTG_FS_IRQHandler
                0x0000000008000bfc                SPI3_IRQHandler
                0x0000000008000bfc                DMA1_Stream4_IRQHandler
                0x0000000008000bfc                I2C1_ER_IRQHandler
                0x0000000008000bfc                DMA2_Stream6_IRQHandler
                0x0000000008000bfc                DMA1_Stream3_IRQHandler
 *fill*         0x0000000008000bfe        0x2 
 .text.HAL_Init
                0x0000000008000c00       0x44 ./Drivers/STM32F4xx_HAL_Driver/Src/stm32f4xx_hal.o
                0x0000000008000c00                HAL_Init
 .text.HAL_IncTick
                0x0000000008000c44       0x28 ./Drivers/STM32F4xx_HAL_Driver/Src/stm32f4xx_hal.o
                0x0000000008000c44                HAL_IncTick
 .text.HAL_GetTick
                0x0000000008000c6c       0x18 ./Drivers/STM32F4xx_HAL_Driver/Src/stm32f4xx_hal.o
                0x0000000008000c6c                HAL_GetTick
 .text.__NVIC_SetPriorityGrouping
                0x0000000008000c84       0x48 ./Drivers/STM32F4xx_HAL_Driver/Src/stm32f4xx_hal_cortex.o
 .text.__NVIC_GetPriorityGrouping
                0x0000000008000ccc       0x1c ./Drivers/STM32F4xx_HAL_Driver/Src/stm32f4xx_hal_cortex.o
 .text.__NVIC_EnableIRQ
                0x0000000008000ce8       0x3c ./Drivers/STM32F4xx_HAL_Driver/Src/stm32f4xx_hal_cortex.o
 .text.__NVIC_SetPriority
                0x0000000008000d24       0x54 ./Drivers/STM32F4xx_HAL_Driver/Src/stm32f4xx_hal_cortex.o
 .text.NVIC_EncodePriority
                0x0000000008000d78       0x66 ./Drivers/STM32F4xx_HAL_Driver/Src/stm32f4xx_hal_cortex.o
 .text.HAL_NVIC_SetPriorityGrouping
                0x0000000008000dde       0x16 ./Drivers/STM32F4xx_HAL_Driver/Src/stm32f4xx_hal_cortex.o
                0x0000000008000dde                HAL_NVIC_SetPriorityGrouping
 .text.HAL_NVIC_SetPriority
                0x0000000008000df4       0x38 ./Drivers/STM32F4xx_HAL_Driver/Src/stm32f4xx_hal_cortex.o
                0x0000000008000df4                HAL_NVIC_SetPriority
 .text.HAL_NVIC_EnableIRQ
                0x0000000008000e2c       0x1c ./Drivers/STM32F4xx_HAL_Driver/Src/stm32f4xx_hal_cortex.o
                0x0000000008000e2c                HAL_NVIC_EnableIRQ
 .text.HAL_GPIO_Init
                0x0000000008000e48      0x338 ./Drivers/STM32F4xx_HAL_Driver/Src/stm32f4xx_hal_gpio.o
                0x0000000008000e48                HAL_GPIO_Init
 .text.HAL_GPIO_ReadPin
                0x0000000008001180       0x30 ./Drivers/STM32F4xx_HAL_Driver/Src/stm32f4xx_hal_gpio.o
                0x0000000008001180                HAL_GPIO_ReadPin
 .text.HAL_GPIO_WritePin
                0x00000000080011b0       0x32 ./Drivers/STM32F4xx_HAL_Driver/Src/stm32f4xx_hal_gpio.o
                0x00000000080011b0                HAL_GPIO_WritePin
 *fill*         0x00000000080011e2        0x2 
 .text.HAL_RCC_OscConfig
                0x00000000080011e4      0x4f0 ./Drivers/STM32F4xx_HAL_Driver/Src/stm32f4xx_hal_rcc.o
                0x00000000080011e4                HAL_RCC_OscConfig
 .text.HAL_RCC_ClockConfig
                0x00000000080016d4      0x1cc ./Drivers/STM32F4xx_HAL_Driver/Src/stm32f4xx_hal_rcc.o
                0x00000000080016d4                HAL_RCC_ClockConfig
 .text.HAL_RCC_GetSysClockFreq
                0x00000000080018a0      0x20c ./Drivers/STM32F4xx_HAL_Driver/Src/stm32f4xx_hal_rcc.o
                0x00000000080018a0                HAL_RCC_GetSysClockFreq
 .text.HAL_RCC_GetHCLKFreq
                0x0000000008001aac       0x18 ./Drivers/STM32F4xx_HAL_Driver/Src/stm32f4xx_hal_rcc.o
                0x0000000008001aac                HAL_RCC_GetHCLKFreq
 .text.HAL_RCC_GetPCLK1Freq
                0x0000000008001ac4       0x28 ./Drivers/STM32F4xx_HAL_Driver/Src/stm32f4xx_hal_rcc.o
                0x0000000008001ac4                HAL_RCC_GetPCLK1Freq
 .text.HAL_RCC_GetClockConfig
                0x0000000008001aec       0x64 ./Drivers/STM32F4xx_HAL_Driver/Src/stm32f4xx_hal_rcc.o
                0x0000000008001aec                HAL_RCC_GetClockConfig
 .text.HAL_TIM_Base_Init
                0x0000000008001b50       0x9e ./Drivers/STM32F4xx_HAL_Driver/Src/stm32f4xx_hal_tim.o
                0x0000000008001b50                HAL_TIM_Base_Init
 .text.HAL_TIM_Base_MspInit
                0x0000000008001bee       0x14 ./Drivers/STM32F4xx_HAL_Driver/Src/stm32f4xx_hal_tim.o
                0x0000000008001bee                HAL_TIM_Base_MspInit
 *fill*         0x0000000008001c02        0x2 
 .text.HAL_TIM_Base_Start_IT
                0x0000000008001c04       0xe0 ./Drivers/STM32F4xx_HAL_Driver/Src/stm32f4xx_hal_tim.o
                0x0000000008001c04                HAL_TIM_Base_Start_IT
 .text.HAL_TIM_IRQHandler
                0x0000000008001ce4      0x210 ./Drivers/STM32F4xx_HAL_Driver/Src/stm32f4xx_hal_tim.o
                0x0000000008001ce4                HAL_TIM_IRQHandler
 .text.HAL_TIM_OC_DelayElapsedCallback
                0x0000000008001ef4       0x14 ./Drivers/STM32F4xx_HAL_Driver/Src/stm32f4xx_hal_tim.o
                0x0000000008001ef4                HAL_TIM_OC_DelayElapsedCallback
 .text.HAL_TIM_IC_CaptureCallback
                0x0000000008001f08       0x14 ./Drivers/STM32F4xx_HAL_Driver/Src/stm32f4xx_hal_tim.o
                0x0000000008001f08                HAL_TIM_IC_CaptureCallback
 .text.HAL_TIM_PWM_PulseFinishedCallback
                0x0000000008001f1c       0x14 ./Drivers/STM32F4xx_HAL_Driver/Src/stm32f4xx_hal_tim.o
                0x0000000008001f1c                HAL_TIM_PWM_PulseFinishedCallback
 .text.HAL_TIM_TriggerCallback
                0x0000000008001f30       0x14 ./Drivers/STM32F4xx_HAL_Driver/Src/stm32f4xx_hal_tim.o
                0x0000000008001f30                HAL_TIM_TriggerCallback
 .text.TIM_Base_SetConfig
                0x0000000008001f44      0x140 ./Drivers/STM32F4xx_HAL_Driver/Src/stm32f4xx_hal_tim.o
                0x0000000008001f44                TIM_Base_SetConfig
 .text.HAL_TIMEx_CommutCallback
                0x0000000008002084       0x14 ./Drivers/STM32F4xx_HAL_Driver/Src/stm32f4xx_hal_tim_ex.o
                0x0000000008002084                HAL_TIMEx_CommutCallback
 .text.HAL_TIMEx_BreakCallback
                0x0000000008002098       0x14 ./Drivers/STM32F4xx_HAL_Driver/Src/stm32f4xx_hal_tim_ex.o
                0x0000000008002098                HAL_TIMEx_BreakCallback
 .text.vListInitialise
                0x00000000080020ac       0x40 ./FreeRTOS/list.o
                0x00000000080020ac                vListInitialise
 .text.vListInitialiseItem
                0x00000000080020ec       0x1a ./FreeRTOS/list.o
                0x00000000080020ec                vListInitialiseItem
 .text.vListInsertEnd
                0x0000000008002106       0x48 ./FreeRTOS/list.o
                0x0000000008002106                vListInsertEnd
 .text.vListInsert
                0x000000000800214e       0x72 ./FreeRTOS/list.o
                0x000000000800214e                vListInsert
 .text.uxListRemove
                0x00000000080021c0       0x54 ./FreeRTOS/list.o
                0x00000000080021c0                uxListRemove
 .text.xQueueGenericReset
                0x0000000008002214       0xd0 ./FreeRTOS/queue.o
                0x0000000008002214                xQueueGenericReset
 .text.xQueueGenericCreate
                0x00000000080022e4       0x78 ./FreeRTOS/queue.o
                0x00000000080022e4                xQueueGenericCreate
 .text.prvInitialiseNewQueue
                0x000000000800235c       0x46 ./FreeRTOS/queue.o
 *fill*         0x00000000080023a2        0x2 
 .text.xQueueGenericSend
                0x00000000080023a4      0x1fc ./FreeRTOS/queue.o
                0x00000000080023a4                xQueueGenericSend
 .text.xQueueGenericSendFromISR
                0x00000000080025a0      0x130 ./FreeRTOS/queue.o
                0x00000000080025a0                xQueueGenericSendFromISR
 .text.xQueueReceive
                0x00000000080026d0      0x1c0 ./FreeRTOS/queue.o
                0x00000000080026d0                xQueueReceive
 .text.prvCopyDataToQueue
                0x0000000008002890       0xd4 ./FreeRTOS/queue.o
 .text.prvCopyDataFromQueue
                0x0000000008002964       0x4c ./FreeRTOS/queue.o
 .text.prvUnlockQueue
                0x00000000080029b0       0xa4 ./FreeRTOS/queue.o
 .text.prvIsQueueEmpty
                0x0000000008002a54       0x2c ./FreeRTOS/queue.o
 .text.prvIsQueueFull
                0x0000000008002a80       0x30 ./FreeRTOS/queue.o
 .text.vQueueAddToRegistry
                0x0000000008002ab0       0x54 ./FreeRTOS/queue.o
                0x0000000008002ab0                vQueueAddToRegistry
 .text.vQueueWaitForMessageRestricted
                0x0000000008002b04       0x68 ./FreeRTOS/queue.o
                0x0000000008002b04                vQueueWaitForMessageRestricted
 .text.xTaskCreate
                0x0000000008002b6c       0x82 ./FreeRTOS/tasks.o
                0x0000000008002b6c                xTaskCreate
 .text.prvInitialiseNewTask
                0x0000000008002bee      0x11e ./FreeRTOS/tasks.o
 .text.prvAddNewTaskToReadyList
                0x0000000008002d0c       0xdc ./FreeRTOS/tasks.o
 .text.vTaskDelay
                0x0000000008002de8       0x68 ./FreeRTOS/tasks.o
                0x0000000008002de8                vTaskDelay
 .text.vTaskStartScheduler
                0x0000000008002e50       0x9c ./FreeRTOS/tasks.o
                0x0000000008002e50                vTaskStartScheduler
 .text.vTaskSuspendAll
                0x0000000008002eec       0x1c ./FreeRTOS/tasks.o
                0x0000000008002eec                vTaskSuspendAll
 .text.xTaskResumeAll
                0x0000000008002f08      0x138 ./FreeRTOS/tasks.o
                0x0000000008002f08                xTaskResumeAll
 .text.xTaskGetTickCount
                0x0000000008003040       0x20 ./FreeRTOS/tasks.o
                0x0000000008003040                xTaskGetTickCount
 .text.xTaskIncrementTick
                0x0000000008003060      0x170 ./FreeRTOS/tasks.o
                0x0000000008003060                xTaskIncrementTick
 .text.vTaskSwitchContext
                0x00000000080031d0       0xb8 ./FreeRTOS/tasks.o
                0x00000000080031d0                vTaskSwitchContext
 .text.vTaskPlaceOnEventList
                0x0000000008003288       0x48 ./FreeRTOS/tasks.o
                0x0000000008003288                vTaskPlaceOnEventList
 .text.vTaskPlaceOnEventListRestricted
                0x00000000080032d0       0x58 ./FreeRTOS/tasks.o
                0x00000000080032d0                vTaskPlaceOnEventListRestricted
 .text.xTaskRemoveFromEventList
                0x0000000008003328       0xc4 ./FreeRTOS/tasks.o
                0x0000000008003328                xTaskRemoveFromEventList
 .text.vTaskInternalSetTimeOutState
                0x00000000080033ec       0x2c ./FreeRTOS/tasks.o
                0x00000000080033ec                vTaskInternalSetTimeOutState
 .text.xTaskCheckForTimeOut
                0x0000000008003418       0xc4 ./FreeRTOS/tasks.o
                0x0000000008003418                xTaskCheckForTimeOut
 .text.vTaskMissedYield
                0x00000000080034dc       0x18 ./FreeRTOS/tasks.o
                0x00000000080034dc                vTaskMissedYield
 .text.prvIdleTask
                0x00000000080034f4       0x30 ./FreeRTOS/tasks.o
 .text.prvInitialiseTaskLists
                0x0000000008003524       0x80 ./FreeRTOS/tasks.o
 .text.prvCheckTasksWaitingTermination
                0x00000000080035a4       0x5c ./FreeRTOS/tasks.o
 .text.prvDeleteTCB
                0x0000000008003600       0x20 ./FreeRTOS/tasks.o
 .text.prvResetNextTaskUnblockTime
                0x0000000008003620       0x40 ./FreeRTOS/tasks.o
 .text.xTaskGetSchedulerState
                0x0000000008003660       0x3c ./FreeRTOS/tasks.o
                0x0000000008003660                xTaskGetSchedulerState
 .text.xTaskPriorityDisinherit
                0x000000000800369c      0x10c ./FreeRTOS/tasks.o
                0x000000000800369c                xTaskPriorityDisinherit
 .text.prvAddCurrentTaskToDelayedList
                0x00000000080037a8       0xcc ./FreeRTOS/tasks.o
 .text.xTimerCreateTimerTask
                0x0000000008003874       0x64 ./FreeRTOS/timers.o
                0x0000000008003874                xTimerCreateTimerTask
 .text.xTimerGenericCommand
                0x00000000080038d8       0x9c ./FreeRTOS/timers.o
                0x00000000080038d8                xTimerGenericCommand
 .text.prvProcessExpiredTimer
                0x0000000008003974       0x98 ./FreeRTOS/timers.o
 .text.prvTimerTask
                0x0000000008003a0c       0x24 ./FreeRTOS/timers.o
 .text.prvProcessTimerOrBlockTask
                0x0000000008003a30       0x9c ./FreeRTOS/timers.o
 .text.prvGetNextExpireTime
                0x0000000008003acc       0x48 ./FreeRTOS/timers.o
 .text.prvSampleTimeNow
                0x0000000008003b14       0x40 ./FreeRTOS/timers.o
 .text.prvInsertTimerInActiveList
                0x0000000008003b54       0x84 ./FreeRTOS/timers.o
 .text.prvProcessReceivedCommands
                0x0000000008003bd8      0x18c ./FreeRTOS/timers.o
 .text.prvSwitchTimerLists
                0x0000000008003d64       0xc8 ./FreeRTOS/timers.o
 .text.prvCheckForValidListAndQueue
                0x0000000008003e2c       0x6c ./FreeRTOS/timers.o
 .text.pxPortInitialiseStack
                0x0000000008003e98       0x68 ./FreeRTOS/portable/ARM_CM4F/port.o
                0x0000000008003e98                pxPortInitialiseStack
 .text.prvTaskExitError
                0x0000000008003f00       0x58 ./FreeRTOS/portable/ARM_CM4F/port.o
 *fill*         0x0000000008003f58        0x8 
 .text.SVC_Handler
                0x0000000008003f60       0x28 ./FreeRTOS/portable/ARM_CM4F/port.o
                0x0000000008003f60                SVC_Handler
 .text.prvPortStartFirstTask
                0x0000000008003f88       0x28 ./FreeRTOS/portable/ARM_CM4F/port.o
 .text.xPortStartScheduler
                0x0000000008003fb0      0x144 ./FreeRTOS/portable/ARM_CM4F/port.o
                0x0000000008003fb0                xPortStartScheduler
 .text.vPortEnterCritical
                0x00000000080040f4       0x60 ./FreeRTOS/portable/ARM_CM4F/port.o
                0x00000000080040f4                vPortEnterCritical
 .text.vPortExitCritical
                0x0000000008004154       0x54 ./FreeRTOS/portable/ARM_CM4F/port.o
                0x0000000008004154                vPortExitCritical
 *fill*         0x00000000080041a8        0x8 
 .text.PendSV_Handler
                0x00000000080041b0       0x68 ./FreeRTOS/portable/ARM_CM4F/port.o
                0x00000000080041b0                PendSV_Handler
 .text.SysTick_Handler
                0x0000000008004218       0x44 ./FreeRTOS/portable/ARM_CM4F/port.o
                0x0000000008004218                SysTick_Handler
 .text.vPortSetupTimerInterrupt
                0x000000000800425c       0x48 ./FreeRTOS/portable/ARM_CM4F/port.o
                0x000000000800425c                vPortSetupTimerInterrupt
 .text.vPortEnableVFP
                0x00000000080042a4       0x14 ./FreeRTOS/portable/ARM_CM4F/port.o
 .text.vPortValidateInterruptPriority
                0x00000000080042b8       0x80 ./FreeRTOS/portable/ARM_CM4F/port.o
                0x00000000080042b8                vPortValidateInterruptPriority
 .text.pvPortMalloc
                0x0000000008004338      0x188 ./FreeRTOS/portable/MemMang/heap_4.o
                0x0000000008004338                pvPortMalloc
 .text.vPortFree
                0x00000000080044c0       0xb4 ./FreeRTOS/portable/MemMang/heap_4.o
                0x00000000080044c0                vPortFree
 .text.prvHeapInit
                0x0000000008004574       0xc4 ./FreeRTOS/portable/MemMang/heap_4.o
 .text.prvInsertBlockIntoFreeList
                0x0000000008004638       0xb4 ./FreeRTOS/portable/MemMang/heap_4.o
 .text.__libc_init_array
                0x00000000080046ec       0x48 c:/st/stm32cubeide_1.11.2/stm32cubeide/plugins/com.st.stm32cube.ide.mcu.externaltools.gnu-tools-for-stm32.10.3-2021.10.win32_1.0.100.202210260954/tools/bin/../lib/gcc/arm-none-eabi/10.3.1/../../../../arm-none-eabi/lib/thumb/v7e-m+fp/hard\libc_nano.a(lib_a-init.o)
                0x00000000080046ec                __libc_init_array
 .text.memcpy   0x0000000008004734       0x1c c:/st/stm32cubeide_1.11.2/stm32cubeide/plugins/com.st.stm32cube.ide.mcu.externaltools.gnu-tools-for-stm32.10.3-2021.10.win32_1.0.100.202210260954/tools/bin/../lib/gcc/arm-none-eabi/10.3.1/../../../../arm-none-eabi/lib/thumb/v7e-m+fp/hard\libc_nano.a(lib_a-memcpy-stub.o)
                0x0000000008004734                memcpy
 .text.memset   0x0000000008004750       0x10 c:/st/stm32cubeide_1.11.2/stm32cubeide/plugins/com.st.stm32cube.ide.mcu.externaltools.gnu-tools-for-stm32.10.3-2021.10.win32_1.0.100.202210260954/tools/bin/../lib/gcc/arm-none-eabi/10.3.1/../../../../arm-none-eabi/lib/thumb/v7e-m+fp/hard\libc_nano.a(lib_a-memset.o)
                0x0000000008004750                memset
 *(.glue_7)
 .glue_7        0x0000000008004760        0x0 linker stubs
 *(.glue_7t)
 .glue_7t       0x0000000008004760        0x0 linker stubs
 *(.eh_frame)
 .eh_frame      0x0000000008004760        0x0 c:/st/stm32cubeide_1.11.2/stm32cubeide/plugins/com.st.stm32cube.ide.mcu.externaltools.gnu-tools-for-stm32.10.3-2021.10.win32_1.0.100.202210260954/tools/bin/../lib/gcc/arm-none-eabi/10.3.1/thumb/v7e-m+fp/hard/crtbegin.o
 *(.init)
 .init          0x0000000008004760        0x4 c:/st/stm32cubeide_1.11.2/stm32cubeide/plugins/com.st.stm32cube.ide.mcu.externaltools.gnu-tools-for-stm32.10.3-2021.10.win32_1.0.100.202210260954/tools/bin/../lib/gcc/arm-none-eabi/10.3.1/thumb/v7e-m+fp/hard/crti.o
                0x0000000008004760                _init
 .init          0x0000000008004764        0x8 c:/st/stm32cubeide_1.11.2/stm32cubeide/plugins/com.st.stm32cube.ide.mcu.externaltools.gnu-tools-for-stm32.10.3-2021.10.win32_1.0.100.202210260954/tools/bin/../lib/gcc/arm-none-eabi/10.3.1/thumb/v7e-m+fp/hard/crtn.o
 *(.fini)
 .fini          0x000000000800476c        0x4 c:/st/stm32cubeide_1.11.2/stm32cubeide/plugins/com.st.stm32cube.ide.mcu.externaltools.gnu-tools-for-stm32.10.3-2021.10.win32_1.0.100.202210260954/tools/bin/../lib/gcc/arm-none-eabi/10.3.1/thumb/v7e-m+fp/hard/crti.o
                0x000000000800476c                _fini
 .fini          0x0000000008004770        0x8 c:/st/stm32cubeide_1.11.2/stm32cubeide/plugins/com.st.stm32cube.ide.mcu.externaltools.gnu-tools-for-stm32.10.3-2021.10.win32_1.0.100.202210260954/tools/bin/../lib/gcc/arm-none-eabi/10.3.1/thumb/v7e-m+fp/hard/crtn.o
                0x0000000008004778                . = ALIGN (0x4)
                0x0000000008004778                _etext = .

.vfp11_veneer   0x0000000008004778        0x0
 .vfp11_veneer  0x0000000008004778        0x0 linker stubs

.v4_bx          0x0000000008004778        0x0
 .v4_bx         0x0000000008004778        0x0 linker stubs

.iplt           0x0000000008004778        0x0
 .iplt          0x0000000008004778        0x0 c:/st/stm32cubeide_1.11.2/stm32cubeide/plugins/com.st.stm32cube.ide.mcu.externaltools.gnu-tools-for-stm32.10.3-2021.10.win32_1.0.100.202210260954/tools/bin/../lib/gcc/arm-none-eabi/10.3.1/thumb/v7e-m+fp/hard/crtbegin.o

.rodata         0x0000000008004778       0x44
                0x0000000008004778                . = ALIGN (0x4)
 *(.rodata)
 .rodata        0x0000000008004778       0x13 ./Core/Src/main.o
 *fill*         0x000000000800478b        0x1 
 .rodata        0x000000000800478c        0x5 ./FreeRTOS/tasks.o
 *fill*         0x0000000008004791        0x3 
 .rodata        0x0000000008004794        0xd ./FreeRTOS/timers.o
 *(.rodata*)
 *fill*         0x00000000080047a1        0x3 
 .rodata.AHBPrescTable
                0x00000000080047a4       0x10 ./Core/Src/system_stm32f4xx.o
                0x00000000080047a4                AHBPrescTable
 .rodata.APBPrescTable
                0x00000000080047b4        0x8 ./Core/Src/system_stm32f4xx.o
                0x00000000080047b4                APBPrescTable
                0x00000000080047bc                . = ALIGN (0x4)

.ARM.extab      0x00000000080047bc        0x0
                0x00000000080047bc                . = ALIGN (0x4)
 *(.ARM.extab* .gnu.linkonce.armextab.*)
                0x00000000080047bc                . = ALIGN (0x4)

.ARM            0x00000000080047bc        0x8
                0x00000000080047bc                . = ALIGN (0x4)
                0x00000000080047bc                __exidx_start = .
 *(.ARM.exidx*)
 .ARM.exidx     0x00000000080047bc        0x8 c:/st/stm32cubeide_1.11.2/stm32cubeide/plugins/com.st.stm32cube.ide.mcu.externaltools.gnu-tools-for-stm32.10.3-2021.10.win32_1.0.100.202210260954/tools/bin/../lib/gcc/arm-none-eabi/10.3.1/thumb/v7e-m+fp/hard\libgcc.a(_udivmoddi4.o)
                0x00000000080047c4                __exidx_end = .
                0x00000000080047c4                . = ALIGN (0x4)

.rel.dyn        0x00000000080047c4        0x0
 .rel.iplt      0x00000000080047c4        0x0 c:/st/stm32cubeide_1.11.2/stm32cubeide/plugins/com.st.stm32cube.ide.mcu.externaltools.gnu-tools-for-stm32.10.3-2021.10.win32_1.0.100.202210260954/tools/bin/../lib/gcc/arm-none-eabi/10.3.1/thumb/v7e-m+fp/hard/crtbegin.o

.preinit_array  0x00000000080047c4        0x0
                0x00000000080047c4                . = ALIGN (0x4)
                0x00000000080047c4                PROVIDE (__preinit_array_start = .)
 *(.preinit_array*)
                0x00000000080047c4                PROVIDE (__preinit_array_end = .)
                0x00000000080047c4                . = ALIGN (0x4)

.init_array     0x00000000080047c4        0x4
                0x00000000080047c4                . = ALIGN (0x4)
                0x00000000080047c4                PROVIDE (__init_array_start = .)
 *(SORT_BY_NAME(.init_array.*))
 *(.init_array*)
 .init_array    0x00000000080047c4        0x4 c:/st/stm32cubeide_1.11.2/stm32cubeide/plugins/com.st.stm32cube.ide.mcu.externaltools.gnu-tools-for-stm32.10.3-2021.10.win32_1.0.100.202210260954/tools/bin/../lib/gcc/arm-none-eabi/10.3.1/thumb/v7e-m+fp/hard/crtbegin.o
                0x00000000080047c8                PROVIDE (__init_array_end = .)
                0x00000000080047c8                . = ALIGN (0x4)

.fini_array     0x00000000080047c8        0x4
                0x00000000080047c8                . = ALIGN (0x4)
                [!provide]                        PROVIDE (__fini_array_start = .)
 *(SORT_BY_NAME(.fini_array.*))
 *(.fini_array*)
 .fini_array    0x00000000080047c8        0x4 c:/st/stm32cubeide_1.11.2/stm32cubeide/plugins/com.st.stm32cube.ide.mcu.externaltools.gnu-tools-for-stm32.10.3-2021.10.win32_1.0.100.202210260954/tools/bin/../lib/gcc/arm-none-eabi/10.3.1/thumb/v7e-m+fp/hard/crtbegin.o
                [!provide]                        PROVIDE (__fini_array_end = .)
                0x00000000080047cc                . = ALIGN (0x4)
                0x00000000080047cc                _sidata = LOADADDR (.data)

.data           0x0000000020000000       0x10 load address 0x00000000080047cc
                0x0000000020000000                . = ALIGN (0x4)
                0x0000000020000000                _sdata = .
 *(.data)
 *(.data*)
 .data.SystemCoreClock
                0x0000000020000000        0x4 ./Core/Src/system_stm32f4xx.o
                0x0000000020000000                SystemCoreClock
 .data.uwTickPrio
                0x0000000020000004        0x4 ./Drivers/STM32F4xx_HAL_Driver/Src/stm32f4xx_hal.o
                0x0000000020000004                uwTickPrio
 .data.uwTickFreq
                0x0000000020000008        0x1 ./Drivers/STM32F4xx_HAL_Driver/Src/stm32f4xx_hal.o
                0x0000000020000008                uwTickFreq
 *fill*         0x0000000020000009        0x3 
 .data.uxCriticalNesting
                0x000000002000000c        0x4 ./FreeRTOS/portable/ARM_CM4F/port.o
 *(.RamFunc)
 *(.RamFunc*)
                0x0000000020000010                . = ALIGN (0x4)
                0x0000000020000010                _edata = .
                0x00000000080047dc                _siccmram = LOADADDR (.ccmram)

.igot.plt       0x0000000020000010        0x0 load address 0x00000000080047dc
 .igot.plt      0x0000000020000010        0x0 c:/st/stm32cubeide_1.11.2/stm32cubeide/plugins/com.st.stm32cube.ide.mcu.externaltools.gnu-tools-for-stm32.10.3-2021.10.win32_1.0.100.202210260954/tools/bin/../lib/gcc/arm-none-eabi/10.3.1/thumb/v7e-m+fp/hard/crtbegin.o

.ccmram         0x0000000010000000        0x0 load address 0x00000000080047dc
                0x0000000010000000                . = ALIGN (0x4)
                0x0000000010000000                _sccmram = .
 *(.ccmram)
 *(.ccmram*)
                0x0000000010000000                . = ALIGN (0x4)
                0x0000000010000000                _eccmram = .
                0x0000000010000000                . = ALIGN (0x4)

.bss            0x0000000020000010    0x12e10
                0x0000000020000010                _sbss = .
                0x0000000020000010                __bss_start__ = _sbss
 *(.bss)
 .bss           0x0000000020000010       0x1c c:/st/stm32cubeide_1.11.2/stm32cubeide/plugins/com.st.stm32cube.ide.mcu.externaltools.gnu-tools-for-stm32.10.3-2021.10.win32_1.0.100.202210260954/tools/bin/../lib/gcc/arm-none-eabi/10.3.1/thumb/v7e-m+fp/hard/crtbegin.o
 *(.bss*)
 .bss.xHandle   0x000000002000002c        0x4 ./Core/Src/main.o
                0x000000002000002c                xHandle
 .bss.que1      0x0000000020000030        0x4 ./Core/Src/main.o
                0x0000000020000030                que1
 .bss.htim7     0x0000000020000034       0x48 ./Core/Src/stm32f4xx_hal_timebase_tim.o
                0x0000000020000034                htim7
 .bss.uwTick    0x000000002000007c        0x4 ./Drivers/STM32F4xx_HAL_Driver/Src/stm32f4xx_hal.o
                0x000000002000007c                uwTick
 .bss.xQueueRegistry
                0x0000000020000080       0x40 ./FreeRTOS/queue.o
                0x0000000020000080                xQueueRegistry
 .bss.pxCurrentTCB
                0x00000000200000c0        0x4 ./FreeRTOS/tasks.o
                0x00000000200000c0                pxCurrentTCB
 .bss.pxReadyTasksLists
                0x00000000200000c4       0x64 ./FreeRTOS/tasks.o
 .bss.xDelayedTaskList1
                0x0000000020000128       0x14 ./FreeRTOS/tasks.o
 .bss.xDelayedTaskList2
                0x000000002000013c       0x14 ./FreeRTOS/tasks.o
 .bss.pxDelayedTaskList
                0x0000000020000150        0x4 ./FreeRTOS/tasks.o
 .bss.pxOverflowDelayedTaskList
                0x0000000020000154        0x4 ./FreeRTOS/tasks.o
 .bss.xPendingReadyList
                0x0000000020000158       0x14 ./FreeRTOS/tasks.o
 .bss.xTasksWaitingTermination
                0x000000002000016c       0x14 ./FreeRTOS/tasks.o
 .bss.uxDeletedTasksWaitingCleanUp
                0x0000000020000180        0x4 ./FreeRTOS/tasks.o
 .bss.xSuspendedTaskList
                0x0000000020000184       0x14 ./FreeRTOS/tasks.o
 .bss.uxCurrentNumberOfTasks
                0x0000000020000198        0x4 ./FreeRTOS/tasks.o
 .bss.xTickCount
                0x000000002000019c        0x4 ./FreeRTOS/tasks.o
 .bss.uxTopReadyPriority
                0x00000000200001a0        0x4 ./FreeRTOS/tasks.o
 .bss.xSchedulerRunning
                0x00000000200001a4        0x4 ./FreeRTOS/tasks.o
 .bss.uxPendedTicks
                0x00000000200001a8        0x4 ./FreeRTOS/tasks.o
 .bss.xYieldPending
                0x00000000200001ac        0x4 ./FreeRTOS/tasks.o
 .bss.xNumOfOverflows
                0x00000000200001b0        0x4 ./FreeRTOS/tasks.o
 .bss.uxTaskNumber
                0x00000000200001b4        0x4 ./FreeRTOS/tasks.o
 .bss.xNextTaskUnblockTime
                0x00000000200001b8        0x4 ./FreeRTOS/tasks.o
 .bss.xIdleTaskHandle
                0x00000000200001bc        0x4 ./FreeRTOS/tasks.o
 .bss.uxSchedulerSuspended
                0x00000000200001c0        0x4 ./FreeRTOS/tasks.o
 .bss.xActiveTimerList1
                0x00000000200001c4       0x14 ./FreeRTOS/timers.o
 .bss.xActiveTimerList2
                0x00000000200001d8       0x14 ./FreeRTOS/timers.o
 .bss.pxCurrentTimerList
                0x00000000200001ec        0x4 ./FreeRTOS/timers.o
 .bss.pxOverflowTimerList
                0x00000000200001f0        0x4 ./FreeRTOS/timers.o
 .bss.xTimerQueue
                0x00000000200001f4        0x4 ./FreeRTOS/timers.o
 .bss.xTimerTaskHandle
                0x00000000200001f8        0x4 ./FreeRTOS/timers.o
 .bss.xLastTime.0
                0x00000000200001fc        0x4 ./FreeRTOS/timers.o
 .bss.ucMaxSysCallPriority
                0x0000000020000200        0x1 ./FreeRTOS/portable/ARM_CM4F/port.o
 *fill*         0x0000000020000201        0x3 
 .bss.ulMaxPRIGROUPValue
                0x0000000020000204        0x4 ./FreeRTOS/portable/ARM_CM4F/port.o
 .bss.ucHeap    0x0000000020000208    0x12c00 ./FreeRTOS/portable/MemMang/heap_4.o
 .bss.xStart    0x0000000020012e08        0x8 ./FreeRTOS/portable/MemMang/heap_4.o
 .bss.pxEnd     0x0000000020012e10        0x4 ./FreeRTOS/portable/MemMang/heap_4.o
 .bss.xFreeBytesRemaining
                0x0000000020012e14        0x4 ./FreeRTOS/portable/MemMang/heap_4.o
 .bss.xMinimumEverFreeBytesRemaining
                0x0000000020012e18        0x4 ./FreeRTOS/portable/MemMang/heap_4.o
 .bss.xBlockAllocatedBit
                0x0000000020012e1c        0x4 ./FreeRTOS/portable/MemMang/heap_4.o
 *(COMMON)
                0x0000000020012e20                . = ALIGN (0x4)
                0x0000000020012e20                _ebss = .
                0x0000000020012e20                __bss_end__ = _ebss

._user_heap_stack
                0x0000000020012e20      0x600
                0x0000000020012e20                . = ALIGN (0x8)
                [!provide]                        PROVIDE (end = .)
                0x0000000020012e20                PROVIDE (_end = .)
                0x0000000020013020                . = (. + _Min_Heap_Size)
 *fill*         0x0000000020012e20      0x200 
                0x0000000020013420                . = (. + _Min_Stack_Size)
 *fill*         0x0000000020013020      0x400 
                0x0000000020013420                . = ALIGN (0x8)

/DISCARD/
 libc.a(*)
 libm.a(*)
 libgcc.a(*)

.ARM.attributes
                0x0000000000000000       0x30
 *(.ARM.attributes)
 .ARM.attributes
                0x0000000000000000       0x1e c:/st/stm32cubeide_1.11.2/stm32cubeide/plugins/com.st.stm32cube.ide.mcu.externaltools.gnu-tools-for-stm32.10.3-2021.10.win32_1.0.100.202210260954/tools/bin/../lib/gcc/arm-none-eabi/10.3.1/thumb/v7e-m+fp/hard/crti.o
 .ARM.attributes
                0x000000000000001e       0x34 c:/st/stm32cubeide_1.11.2/stm32cubeide/plugins/com.st.stm32cube.ide.mcu.externaltools.gnu-tools-for-stm32.10.3-2021.10.win32_1.0.100.202210260954/tools/bin/../lib/gcc/arm-none-eabi/10.3.1/thumb/v7e-m+fp/hard/crtbegin.o
 .ARM.attributes
                0x0000000000000052       0x34 ./Core/Src/main.o
 .ARM.attributes
                0x0000000000000086       0x34 ./Core/Src/stm32f4xx_hal_msp.o
 .ARM.attributes
                0x00000000000000ba       0x34 ./Core/Src/stm32f4xx_hal_timebase_tim.o
 .ARM.attributes
                0x00000000000000ee       0x34 ./Core/Src/stm32f4xx_it.o
 .ARM.attributes
                0x0000000000000122       0x34 ./Core/Src/system_stm32f4xx.o
 .ARM.attributes
                0x0000000000000156       0x21 ./Core/Startup/startup_stm32f407vgtx.o
 .ARM.attributes
                0x0000000000000177       0x34 ./Drivers/STM32F4xx_HAL_Driver/Src/stm32f4xx_hal.o
 .ARM.attributes
                0x00000000000001ab       0x34 ./Drivers/STM32F4xx_HAL_Driver/Src/stm32f4xx_hal_cortex.o
 .ARM.attributes
                0x00000000000001df       0x34 ./Drivers/STM32F4xx_HAL_Driver/Src/stm32f4xx_hal_gpio.o
 .ARM.attributes
                0x0000000000000213       0x34 ./Drivers/STM32F4xx_HAL_Driver/Src/stm32f4xx_hal_rcc.o
 .ARM.attributes
                0x0000000000000247       0x34 ./Drivers/STM32F4xx_HAL_Driver/Src/stm32f4xx_hal_tim.o
 .ARM.attributes
                0x000000000000027b       0x34 ./Drivers/STM32F4xx_HAL_Driver/Src/stm32f4xx_hal_tim_ex.o
 .ARM.attributes
                0x00000000000002af       0x34 ./FreeRTOS/list.o
 .ARM.attributes
                0x00000000000002e3       0x34 ./FreeRTOS/queue.o
 .ARM.attributes
                0x0000000000000317       0x34 ./FreeRTOS/tasks.o
 .ARM.attributes
                0x000000000000034b       0x34 ./FreeRTOS/timers.o
 .ARM.attributes
                0x000000000000037f       0x34 ./FreeRTOS/portable/ARM_CM4F/port.o
 .ARM.attributes
                0x00000000000003b3       0x34 ./FreeRTOS/portable/MemMang/heap_4.o
 .ARM.attributes
                0x00000000000003e7       0x34 c:/st/stm32cubeide_1.11.2/stm32cubeide/plugins/com.st.stm32cube.ide.mcu.externaltools.gnu-tools-for-stm32.10.3-2021.10.win32_1.0.100.202210260954/tools/bin/../lib/gcc/arm-none-eabi/10.3.1/../../../../arm-none-eabi/lib/thumb/v7e-m+fp/hard\libc_nano.a(lib_a-init.o)
 .ARM.attributes
                0x000000000000041b       0x34 c:/st/stm32cubeide_1.11.2/stm32cubeide/plugins/com.st.stm32cube.ide.mcu.externaltools.gnu-tools-for-stm32.10.3-2021.10.win32_1.0.100.202210260954/tools/bin/../lib/gcc/arm-none-eabi/10.3.1/../../../../arm-none-eabi/lib/thumb/v7e-m+fp/hard\libc_nano.a(lib_a-memcpy-stub.o)
 .ARM.attributes
                0x000000000000044f       0x34 c:/st/stm32cubeide_1.11.2/stm32cubeide/plugins/com.st.stm32cube.ide.mcu.externaltools.gnu-tools-for-stm32.10.3-2021.10.win32_1.0.100.202210260954/tools/bin/../lib/gcc/arm-none-eabi/10.3.1/../../../../arm-none-eabi/lib/thumb/v7e-m+fp/hard\libc_nano.a(lib_a-memset.o)
 .ARM.attributes
                0x0000000000000483       0x1e c:/st/stm32cubeide_1.11.2/stm32cubeide/plugins/com.st.stm32cube.ide.mcu.externaltools.gnu-tools-for-stm32.10.3-2021.10.win32_1.0.100.202210260954/tools/bin/../lib/gcc/arm-none-eabi/10.3.1/thumb/v7e-m+fp/hard\libgcc.a(_aeabi_uldivmod.o)
 .ARM.attributes
                0x00000000000004a1       0x34 c:/st/stm32cubeide_1.11.2/stm32cubeide/plugins/com.st.stm32cube.ide.mcu.externaltools.gnu-tools-for-stm32.10.3-2021.10.win32_1.0.100.202210260954/tools/bin/../lib/gcc/arm-none-eabi/10.3.1/thumb/v7e-m+fp/hard\libgcc.a(_udivmoddi4.o)
 .ARM.attributes
                0x00000000000004d5       0x1e c:/st/stm32cubeide_1.11.2/stm32cubeide/plugins/com.st.stm32cube.ide.mcu.externaltools.gnu-tools-for-stm32.10.3-2021.10.win32_1.0.100.202210260954/tools/bin/../lib/gcc/arm-none-eabi/10.3.1/thumb/v7e-m+fp/hard\libgcc.a(_dvmd_tls.o)
 .ARM.attributes
                0x00000000000004f3       0x1e c:/st/stm32cubeide_1.11.2/stm32cubeide/plugins/com.st.stm32cube.ide.mcu.externaltools.gnu-tools-for-stm32.10.3-2021.10.win32_1.0.100.202210260954/tools/bin/../lib/gcc/arm-none-eabi/10.3.1/thumb/v7e-m+fp/hard/crtn.o
OUTPUT(lab_test2.elf elf32-littlearm)
LOAD linker stubs
LOAD c:/st/stm32cubeide_1.11.2/stm32cubeide/plugins/com.st.stm32cube.ide.mcu.externaltools.gnu-tools-for-stm32.10.3-2021.10.win32_1.0.100.202210260954/tools/bin/../lib/gcc/arm-none-eabi/10.3.1/../../../../arm-none-eabi/lib/thumb/v7e-m+fp/hard\libc.a
LOAD c:/st/stm32cubeide_1.11.2/stm32cubeide/plugins/com.st.stm32cube.ide.mcu.externaltools.gnu-tools-for-stm32.10.3-2021.10.win32_1.0.100.202210260954/tools/bin/../lib/gcc/arm-none-eabi/10.3.1/../../../../arm-none-eabi/lib/thumb/v7e-m+fp/hard\libm.a
LOAD c:/st/stm32cubeide_1.11.2/stm32cubeide/plugins/com.st.stm32cube.ide.mcu.externaltools.gnu-tools-for-stm32.10.3-2021.10.win32_1.0.100.202210260954/tools/bin/../lib/gcc/arm-none-eabi/10.3.1/thumb/v7e-m+fp/hard\libgcc.a

.debug_info     0x0000000000000000     0xe721
 .debug_info    0x0000000000000000      0xfa7 ./Core/Src/main.o
 .debug_info    0x0000000000000fa7      0x2a8 ./Core/Src/stm32f4xx_hal_msp.o
 .debug_info    0x000000000000124f      0xc4b ./Core/Src/stm32f4xx_hal_timebase_tim.o
 .debug_info    0x0000000000001e9a      0x6f8 ./Core/Src/stm32f4xx_it.o
 .debug_info    0x0000000000002592      0x523 ./Core/Src/system_stm32f4xx.o
 .debug_info    0x0000000000002ab5       0x22 ./Core/Startup/startup_stm32f407vgtx.o
 .debug_info    0x0000000000002ad7      0x97c ./Drivers/STM32F4xx_HAL_Driver/Src/stm32f4xx_hal.o
 .debug_info    0x0000000000003453      0xe1b ./Drivers/STM32F4xx_HAL_Driver/Src/stm32f4xx_hal_cortex.o
 .debug_info    0x000000000000426e      0x76a ./Drivers/STM32F4xx_HAL_Driver/Src/stm32f4xx_hal_gpio.o
 .debug_info    0x00000000000049d8      0x966 ./Drivers/STM32F4xx_HAL_Driver/Src/stm32f4xx_hal_rcc.o
 .debug_info    0x000000000000533e     0x2bbe ./Drivers/STM32F4xx_HAL_Driver/Src/stm32f4xx_hal_tim.o
 .debug_info    0x0000000000007efc     0x15e0 ./Drivers/STM32F4xx_HAL_Driver/Src/stm32f4xx_hal_tim_ex.o
 .debug_info    0x00000000000094dc      0x2d1 ./FreeRTOS/list.o
 .debug_info    0x00000000000097ad     0x184e ./FreeRTOS/queue.o
 .debug_info    0x000000000000affb     0x1fbe ./FreeRTOS/tasks.o
 .debug_info    0x000000000000cfb9      0xe77 ./FreeRTOS/timers.o
 .debug_info    0x000000000000de30      0x507 ./FreeRTOS/portable/ARM_CM4F/port.o
 .debug_info    0x000000000000e337      0x3ea ./FreeRTOS/portable/MemMang/heap_4.o

.debug_abbrev   0x0000000000000000     0x255c
 .debug_abbrev  0x0000000000000000      0x2e5 ./Core/Src/main.o
 .debug_abbrev  0x00000000000002e5       0xd4 ./Core/Src/stm32f4xx_hal_msp.o
 .debug_abbrev  0x00000000000003b9      0x1e6 ./Core/Src/stm32f4xx_hal_timebase_tim.o
 .debug_abbrev  0x000000000000059f      0x171 ./Core/Src/stm32f4xx_it.o
 .debug_abbrev  0x0000000000000710      0x116 ./Core/Src/system_stm32f4xx.o
 .debug_abbrev  0x0000000000000826       0x12 ./Core/Startup/startup_stm32f407vgtx.o
 .debug_abbrev  0x0000000000000838      0x20d ./Drivers/STM32F4xx_HAL_Driver/Src/stm32f4xx_hal.o
 .debug_abbrev  0x0000000000000a45      0x316 ./Drivers/STM32F4xx_HAL_Driver/Src/stm32f4xx_hal_cortex.o
 .debug_abbrev  0x0000000000000d5b      0x1c4 ./Drivers/STM32F4xx_HAL_Driver/Src/stm32f4xx_hal_gpio.o
 .debug_abbrev  0x0000000000000f1f      0x2aa ./Drivers/STM32F4xx_HAL_Driver/Src/stm32f4xx_hal_rcc.o
 .debug_abbrev  0x00000000000011c9      0x25d ./Drivers/STM32F4xx_HAL_Driver/Src/stm32f4xx_hal_tim.o
 .debug_abbrev  0x0000000000001426      0x265 ./Drivers/STM32F4xx_HAL_Driver/Src/stm32f4xx_hal_tim_ex.o
 .debug_abbrev  0x000000000000168b       0xf2 ./FreeRTOS/list.o
 .debug_abbrev  0x000000000000177d      0x341 ./FreeRTOS/queue.o
 .debug_abbrev  0x0000000000001abe      0x36e ./FreeRTOS/tasks.o
 .debug_abbrev  0x0000000000001e2c      0x2d8 ./FreeRTOS/timers.o
 .debug_abbrev  0x0000000000002104      0x259 ./FreeRTOS/portable/ARM_CM4F/port.o
 .debug_abbrev  0x000000000000235d      0x1ff ./FreeRTOS/portable/MemMang/heap_4.o

.debug_aranges  0x0000000000000000      0xe60
 .debug_aranges
                0x0000000000000000       0x58 ./Core/Src/main.o
 .debug_aranges
                0x0000000000000058       0x20 ./Core/Src/stm32f4xx_hal_msp.o
 .debug_aranges
                0x0000000000000078       0x30 ./Core/Src/stm32f4xx_hal_timebase_tim.o
 .debug_aranges
                0x00000000000000a8       0x50 ./Core/Src/stm32f4xx_it.o
 .debug_aranges
                0x00000000000000f8       0x28 ./Core/Src/system_stm32f4xx.o
 .debug_aranges
                0x0000000000000120       0x28 ./Core/Startup/startup_stm32f407vgtx.o
 .debug_aranges
                0x0000000000000148       0xf0 ./Drivers/STM32F4xx_HAL_Driver/Src/stm32f4xx_hal.o
 .debug_aranges
                0x0000000000000238      0x118 ./Drivers/STM32F4xx_HAL_Driver/Src/stm32f4xx_hal_cortex.o
 .debug_aranges
                0x0000000000000350       0x58 ./Drivers/STM32F4xx_HAL_Driver/Src/stm32f4xx_hal_gpio.o
 .debug_aranges
                0x00000000000003a8       0x88 ./Drivers/STM32F4xx_HAL_Driver/Src/stm32f4xx_hal_rcc.o
 .debug_aranges
                0x0000000000000430      0x3d0 ./Drivers/STM32F4xx_HAL_Driver/Src/stm32f4xx_hal_tim.o
 .debug_aranges
                0x0000000000000800      0x168 ./Drivers/STM32F4xx_HAL_Driver/Src/stm32f4xx_hal_tim_ex.o
 .debug_aranges
                0x0000000000000968       0x40 ./FreeRTOS/list.o
 .debug_aranges
                0x00000000000009a8      0x130 ./FreeRTOS/queue.o
 .debug_aranges
                0x0000000000000ad8      0x1e8 ./FreeRTOS/tasks.o
 .debug_aranges
                0x0000000000000cc0       0xd0 ./FreeRTOS/timers.o
 .debug_aranges
                0x0000000000000d90       0x80 ./FreeRTOS/portable/ARM_CM4F/port.o
 .debug_aranges
                0x0000000000000e10       0x50 ./FreeRTOS/portable/MemMang/heap_4.o

.debug_ranges   0x0000000000000000      0xd48
 .debug_ranges  0x0000000000000000       0x48 ./Core/Src/main.o
 .debug_ranges  0x0000000000000048       0x10 ./Core/Src/stm32f4xx_hal_msp.o
 .debug_ranges  0x0000000000000058       0x20 ./Core/Src/stm32f4xx_hal_timebase_tim.o
 .debug_ranges  0x0000000000000078       0x40 ./Core/Src/stm32f4xx_it.o
 .debug_ranges  0x00000000000000b8       0x18 ./Core/Src/system_stm32f4xx.o
 .debug_ranges  0x00000000000000d0       0x20 ./Core/Startup/startup_stm32f407vgtx.o
 .debug_ranges  0x00000000000000f0       0xe0 ./Drivers/STM32F4xx_HAL_Driver/Src/stm32f4xx_hal.o
 .debug_ranges  0x00000000000001d0      0x108 ./Drivers/STM32F4xx_HAL_Driver/Src/stm32f4xx_hal_cortex.o
 .debug_ranges  0x00000000000002d8       0x48 ./Drivers/STM32F4xx_HAL_Driver/Src/stm32f4xx_hal_gpio.o
 .debug_ranges  0x0000000000000320       0x78 ./Drivers/STM32F4xx_HAL_Driver/Src/stm32f4xx_hal_rcc.o
 .debug_ranges  0x0000000000000398      0x3c0 ./Drivers/STM32F4xx_HAL_Driver/Src/stm32f4xx_hal_tim.o
 .debug_ranges  0x0000000000000758      0x158 ./Drivers/STM32F4xx_HAL_Driver/Src/stm32f4xx_hal_tim_ex.o
 .debug_ranges  0x00000000000008b0       0x30 ./FreeRTOS/list.o
 .debug_ranges  0x00000000000008e0      0x120 ./FreeRTOS/queue.o
 .debug_ranges  0x0000000000000a00      0x1d8 ./FreeRTOS/tasks.o
 .debug_ranges  0x0000000000000bd8       0xc0 ./FreeRTOS/timers.o
 .debug_ranges  0x0000000000000c98       0x70 ./FreeRTOS/portable/ARM_CM4F/port.o
 .debug_ranges  0x0000000000000d08       0x40 ./FreeRTOS/portable/MemMang/heap_4.o

.debug_macro    0x0000000000000000    0x214bf
 .debug_macro   0x0000000000000000      0x24e ./Core/Src/main.o
 .debug_macro   0x000000000000024e      0xa78 ./Core/Src/main.o
 .debug_macro   0x0000000000000cc6      0x295 ./Core/Src/main.o
 .debug_macro   0x0000000000000f5b       0x2e ./Core/Src/main.o
 .debug_macro   0x0000000000000f89       0x2f ./Core/Src/main.o
 .debug_macro   0x0000000000000fb8       0x22 ./Core/Src/main.o
 .debug_macro   0x0000000000000fda       0x8e ./Core/Src/main.o
 .debug_macro   0x0000000000001068       0x51 ./Core/Src/main.o
 .debug_macro   0x00000000000010b9      0x103 ./Core/Src/main.o
 .debug_macro   0x00000000000011bc       0x6a ./Core/Src/main.o
 .debug_macro   0x0000000000001226      0x1df ./Core/Src/main.o
 .debug_macro   0x0000000000001405       0x1c ./Core/Src/main.o
 .debug_macro   0x0000000000001421       0x22 ./Core/Src/main.o
 .debug_macro   0x0000000000001443       0xd9 ./Core/Src/main.o
 .debug_macro   0x000000000000151c     0x102d ./Core/Src/main.o
 .debug_macro   0x0000000000002549      0x11f ./Core/Src/main.o
 .debug_macro   0x0000000000002668    0x15e82 ./Core/Src/main.o
 .debug_macro   0x00000000000184ea       0x6d ./Core/Src/main.o
 .debug_macro   0x0000000000018557     0x367e ./Core/Src/main.o
 .debug_macro   0x000000000001bbd5      0x174 ./Core/Src/main.o
 .debug_macro   0x000000000001bd49       0x5c ./Core/Src/main.o
 .debug_macro   0x000000000001bda5      0x96b ./Core/Src/main.o
 .debug_macro   0x000000000001c710      0x9fe ./Core/Src/main.o
 .debug_macro   0x000000000001d10e      0x115 ./Core/Src/main.o
 .debug_macro   0x000000000001d223      0x13e ./Core/Src/main.o
 .debug_macro   0x000000000001d361       0xa5 ./Core/Src/main.o
 .debug_macro   0x000000000001d406      0x174 ./Core/Src/main.o
 .debug_macro   0x000000000001d57a      0x287 ./Core/Src/main.o
 .debug_macro   0x000000000001d801       0x5f ./Core/Src/main.o
 .debug_macro   0x000000000001d860      0x236 ./Core/Src/main.o
 .debug_macro   0x000000000001da96      0x12c ./Core/Src/main.o
 .debug_macro   0x000000000001dbc2      0x21e ./Core/Src/main.o
 .debug_macro   0x000000000001dde0       0x2e ./Core/Src/main.o
 .debug_macro   0x000000000001de0e      0x11a ./Core/Src/main.o
 .debug_macro   0x000000000001df28       0x7e ./Core/Src/main.o
 .debug_macro   0x000000000001dfa6       0x89 ./Core/Src/main.o
 .debug_macro   0x000000000001e02f      0x8e6 ./Core/Src/main.o
 .debug_macro   0x000000000001e915       0x47 ./Core/Src/main.o
 .debug_macro   0x000000000001e95c      0x12d ./Core/Src/main.o
 .debug_macro   0x000000000001ea89      0x190 ./Core/Src/main.o
 .debug_macro   0x000000000001ec19      0x106 ./Core/Src/main.o
 .debug_macro   0x000000000001ed1f      0x15a ./Core/Src/main.o
 .debug_macro   0x000000000001ee79       0xe4 ./Core/Src/main.o
 .debug_macro   0x000000000001ef5d       0x1c ./Core/Src/main.o
 .debug_macro   0x000000000001ef79       0x26 ./Core/Src/main.o
 .debug_macro   0x000000000001ef9f      0x4d3 ./Core/Src/main.o
 .debug_macro   0x000000000001f472       0xb5 ./Core/Src/main.o
 .debug_macro   0x000000000001f527       0xaa ./Core/Src/main.o
 .debug_macro   0x000000000001f5d1       0x80 ./Core/Src/main.o
 .debug_macro   0x000000000001f651      0x1d3 ./Core/Src/stm32f4xx_hal_msp.o
 .debug_macro   0x000000000001f824      0x1c4 ./Core/Src/stm32f4xx_hal_timebase_tim.o
 .debug_macro   0x000000000001f9e8      0x1dd ./Core/Src/stm32f4xx_it.o
 .debug_macro   0x000000000001fbc5      0x1c4 ./Core/Src/system_stm32f4xx.o
 .debug_macro   0x000000000001fd89      0x224 ./Drivers/STM32F4xx_HAL_Driver/Src/stm32f4xx_hal.o
 .debug_macro   0x000000000001ffad      0x1c4 ./Drivers/STM32F4xx_HAL_Driver/Src/stm32f4xx_hal_cortex.o
 .debug_macro   0x0000000000020171      0x1ca ./Drivers/STM32F4xx_HAL_Driver/Src/stm32f4xx_hal_gpio.o
 .debug_macro   0x000000000002033b      0x1e8 ./Drivers/STM32F4xx_HAL_Driver/Src/stm32f4xx_hal_rcc.o
 .debug_macro   0x0000000000020523      0x1c5 ./Drivers/STM32F4xx_HAL_Driver/Src/stm32f4xx_hal_tim.o
 .debug_macro   0x00000000000206e8      0x1c4 ./Drivers/STM32F4xx_HAL_Driver/Src/stm32f4xx_hal_tim_ex.o
 .debug_macro   0x00000000000208ac      0x187 ./FreeRTOS/list.o
 .debug_macro   0x0000000000020a33      0x216 ./FreeRTOS/queue.o
 .debug_macro   0x0000000000020c49       0x16 ./FreeRTOS/queue.o
 .debug_macro   0x0000000000020c5f       0x20 ./FreeRTOS/queue.o
 .debug_macro   0x0000000000020c7f      0x279 ./FreeRTOS/tasks.o
 .debug_macro   0x0000000000020ef8       0x10 ./FreeRTOS/tasks.o
 .debug_macro   0x0000000000020f08      0x1dc ./FreeRTOS/timers.o
 .debug_macro   0x00000000000210e4       0x97 ./FreeRTOS/timers.o
 .debug_macro   0x000000000002117b      0x196 ./FreeRTOS/portable/ARM_CM4F/port.o
 .debug_macro   0x0000000000021311      0x1ae ./FreeRTOS/portable/MemMang/heap_4.o

.debug_line     0x0000000000000000     0xf6ca
 .debug_line    0x0000000000000000      0x9a7 ./Core/Src/main.o
 .debug_line    0x00000000000009a7      0x6ab ./Core/Src/stm32f4xx_hal_msp.o
 .debug_line    0x0000000000001052      0x725 ./Core/Src/stm32f4xx_hal_timebase_tim.o
 .debug_line    0x0000000000001777      0x748 ./Core/Src/stm32f4xx_it.o
 .debug_line    0x0000000000001ebf      0x72d ./Core/Src/system_stm32f4xx.o
 .debug_line    0x00000000000025ec       0x88 ./Core/Startup/startup_stm32f407vgtx.o
 .debug_line    0x0000000000002674      0x993 ./Drivers/STM32F4xx_HAL_Driver/Src/stm32f4xx_hal.o
 .debug_line    0x0000000000003007      0xc42 ./Drivers/STM32F4xx_HAL_Driver/Src/stm32f4xx_hal_cortex.o
 .debug_line    0x0000000000003c49      0xb07 ./Drivers/STM32F4xx_HAL_Driver/Src/stm32f4xx_hal_gpio.o
 .debug_line    0x0000000000004750      0xd0f ./Drivers/STM32F4xx_HAL_Driver/Src/stm32f4xx_hal_rcc.o
 .debug_line    0x000000000000545f     0x3687 ./Drivers/STM32F4xx_HAL_Driver/Src/stm32f4xx_hal_tim.o
 .debug_line    0x0000000000008ae6     0x1990 ./Drivers/STM32F4xx_HAL_Driver/Src/stm32f4xx_hal_tim_ex.o
 .debug_line    0x000000000000a476      0x6ba ./FreeRTOS/list.o
 .debug_line    0x000000000000ab30     0x14ca ./FreeRTOS/queue.o
 .debug_line    0x000000000000bffa     0x1ae0 ./FreeRTOS/tasks.o
 .debug_line    0x000000000000dada      0xbd8 ./FreeRTOS/timers.o
 .debug_line    0x000000000000e6b2      0x79c ./FreeRTOS/portable/ARM_CM4F/port.o
 .debug_line    0x000000000000ee4e      0x87c ./FreeRTOS/portable/MemMang/heap_4.o

.debug_str      0x0000000000000000    0xcf4fd
 .debug_str     0x0000000000000000    0xc6ab8 ./Core/Src/main.o
                                      0xc6e43 (size before relaxing)
 .debug_str     0x00000000000c6ab8       0x2c ./Core/Src/stm32f4xx_hal_msp.o
                                      0xc2052 (size before relaxing)
 .debug_str     0x00000000000c6ae4      0x60a ./Core/Src/stm32f4xx_hal_timebase_tim.o
                                      0xc255c (size before relaxing)
 .debug_str     0x00000000000c70ee       0xb5 ./Core/Src/stm32f4xx_it.o
                                      0xc24ff (size before relaxing)
 .debug_str     0x00000000000c71a3       0xdb ./Core/Src/system_stm32f4xx.o
                                      0xc1a65 (size before relaxing)
 .debug_str     0x00000000000c727e       0x36 ./Core/Startup/startup_stm32f407vgtx.o
                                         0x4f (size before relaxing)
 .debug_str     0x00000000000c72b4      0x5d3 ./Drivers/STM32F4xx_HAL_Driver/Src/stm32f4xx_hal.o
                                      0xc25e9 (size before relaxing)
 .debug_str     0x00000000000c7887      0x33a ./Drivers/STM32F4xx_HAL_Driver/Src/stm32f4xx_hal_cortex.o
                                      0xc231c (size before relaxing)
 .debug_str     0x00000000000c7bc1      0x120 ./Drivers/STM32F4xx_HAL_Driver/Src/stm32f4xx_hal_gpio.o
                                      0xc1be0 (size before relaxing)
 .debug_str     0x00000000000c7ce1      0x1fd ./Drivers/STM32F4xx_HAL_Driver/Src/stm32f4xx_hal_rcc.o
                                      0xc1e99 (size before relaxing)
 .debug_str     0x00000000000c7ede      0xe69 ./Drivers/STM32F4xx_HAL_Driver/Src/stm32f4xx_hal_tim.o
                                      0xc2ddf (size before relaxing)
 .debug_str     0x00000000000c8d47      0x503 ./Drivers/STM32F4xx_HAL_Driver/Src/stm32f4xx_hal_tim_ex.o
                                      0xc25fb (size before relaxing)
 .debug_str     0x00000000000c924a     0x2fb4 ./FreeRTOS/list.o
                                       0xa647 (size before relaxing)
 .debug_str     0x00000000000cc1fe      0xac0 ./FreeRTOS/queue.o
                                       0xbf10 (size before relaxing)
 .debug_str     0x00000000000cccbe     0x19dd ./FreeRTOS/tasks.o
                                       0xcae8 (size before relaxing)
 .debug_str     0x00000000000ce69b      0x4e7 ./FreeRTOS/timers.o
                                       0xc2c1 (size before relaxing)
 .debug_str     0x00000000000ceb82      0x760 ./FreeRTOS/portable/ARM_CM4F/port.o
                                       0x85b0 (size before relaxing)
 .debug_str     0x00000000000cf2e2      0x21b ./FreeRTOS/portable/MemMang/heap_4.o
                                       0xae64 (size before relaxing)

.comment        0x0000000000000000       0x50
 .comment       0x0000000000000000       0x50 ./Core/Src/main.o
                                         0x51 (size before relaxing)
 .comment       0x0000000000000050       0x51 ./Core/Src/stm32f4xx_hal_msp.o
 .comment       0x0000000000000050       0x51 ./Core/Src/stm32f4xx_hal_timebase_tim.o
 .comment       0x0000000000000050       0x51 ./Core/Src/stm32f4xx_it.o
 .comment       0x0000000000000050       0x51 ./Core/Src/system_stm32f4xx.o
 .comment       0x0000000000000050       0x51 ./Drivers/STM32F4xx_HAL_Driver/Src/stm32f4xx_hal.o
 .comment       0x0000000000000050       0x51 ./Drivers/STM32F4xx_HAL_Driver/Src/stm32f4xx_hal_cortex.o
 .comment       0x0000000000000050       0x51 ./Drivers/STM32F4xx_HAL_Driver/Src/stm32f4xx_hal_gpio.o
 .comment       0x0000000000000050       0x51 ./Drivers/STM32F4xx_HAL_Driver/Src/stm32f4xx_hal_rcc.o
 .comment       0x0000000000000050       0x51 ./Drivers/STM32F4xx_HAL_Driver/Src/stm32f4xx_hal_tim.o
 .comment       0x0000000000000050       0x51 ./Drivers/STM32F4xx_HAL_Driver/Src/stm32f4xx_hal_tim_ex.o
 .comment       0x0000000000000050       0x51 ./FreeRTOS/list.o
 .comment       0x0000000000000050       0x51 ./FreeRTOS/queue.o
 .comment       0x0000000000000050       0x51 ./FreeRTOS/tasks.o
 .comment       0x0000000000000050       0x51 ./FreeRTOS/timers.o
 .comment       0x0000000000000050       0x51 ./FreeRTOS/portable/ARM_CM4F/port.o
 .comment       0x0000000000000050       0x51 ./FreeRTOS/portable/MemMang/heap_4.o

.debug_frame    0x0000000000000000     0x3b70
 .debug_frame   0x0000000000000000      0x118 ./Core/Src/main.o
 .debug_frame   0x0000000000000118       0x38 ./Core/Src/stm32f4xx_hal_msp.o
 .debug_frame   0x0000000000000150       0x74 ./Core/Src/stm32f4xx_hal_timebase_tim.o
 .debug_frame   0x00000000000001c4       0xc4 ./Core/Src/stm32f4xx_it.o
 .debug_frame   0x0000000000000288       0x58 ./Core/Src/system_stm32f4xx.o
 .debug_frame   0x00000000000002e0      0x374 ./Drivers/STM32F4xx_HAL_Driver/Src/stm32f4xx_hal.o
 .debug_frame   0x0000000000000654      0x498 ./Drivers/STM32F4xx_HAL_Driver/Src/stm32f4xx_hal_cortex.o
 .debug_frame   0x0000000000000aec      0x14c ./Drivers/STM32F4xx_HAL_Driver/Src/stm32f4xx_hal_gpio.o
 .debug_frame   0x0000000000000c38      0x1f4 ./Drivers/STM32F4xx_HAL_Driver/Src/stm32f4xx_hal_rcc.o
 .debug_frame   0x0000000000000e2c     0x11c4 ./Drivers/STM32F4xx_HAL_Driver/Src/stm32f4xx_hal_tim.o
 .debug_frame   0x0000000000001ff0      0x638 ./Drivers/STM32F4xx_HAL_Driver/Src/stm32f4xx_hal_tim_ex.o
 .debug_frame   0x0000000000002628       0xd8 ./FreeRTOS/list.o
 .debug_frame   0x0000000000002700      0x530 ./FreeRTOS/queue.o
 .debug_frame   0x0000000000002c30      0x854 ./FreeRTOS/tasks.o
 .debug_frame   0x0000000000003484      0x368 ./FreeRTOS/timers.o
 .debug_frame   0x00000000000037ec      0x1a8 ./FreeRTOS/portable/ARM_CM4F/port.o
 .debug_frame   0x0000000000003994      0x108 ./FreeRTOS/portable/MemMang/heap_4.o
 .debug_frame   0x0000000000003a9c       0x2c c:/st/stm32cubeide_1.11.2/stm32cubeide/plugins/com.st.stm32cube.ide.mcu.externaltools.gnu-tools-for-stm32.10.3-2021.10.win32_1.0.100.202210260954/tools/bin/../lib/gcc/arm-none-eabi/10.3.1/../../../../arm-none-eabi/lib/thumb/v7e-m+fp/hard\libc_nano.a(lib_a-init.o)
 .debug_frame   0x0000000000003ac8       0x28 c:/st/stm32cubeide_1.11.2/stm32cubeide/plugins/com.st.stm32cube.ide.mcu.externaltools.gnu-tools-for-stm32.10.3-2021.10.win32_1.0.100.202210260954/tools/bin/../lib/gcc/arm-none-eabi/10.3.1/../../../../arm-none-eabi/lib/thumb/v7e-m+fp/hard\libc_nano.a(lib_a-memcpy-stub.o)
 .debug_frame   0x0000000000003af0       0x20 c:/st/stm32cubeide_1.11.2/stm32cubeide/plugins/com.st.stm32cube.ide.mcu.externaltools.gnu-tools-for-stm32.10.3-2021.10.win32_1.0.100.202210260954/tools/bin/../lib/gcc/arm-none-eabi/10.3.1/../../../../arm-none-eabi/lib/thumb/v7e-m+fp/hard\libc_nano.a(lib_a-memset.o)
 .debug_frame   0x0000000000003b10       0x2c c:/st/stm32cubeide_1.11.2/stm32cubeide/plugins/com.st.stm32cube.ide.mcu.externaltools.gnu-tools-for-stm32.10.3-2021.10.win32_1.0.100.202210260954/tools/bin/../lib/gcc/arm-none-eabi/10.3.1/thumb/v7e-m+fp/hard\libgcc.a(_aeabi_uldivmod.o)
 .debug_frame   0x0000000000003b3c       0x34 c:/st/stm32cubeide_1.11.2/stm32cubeide/plugins/com.st.stm32cube.ide.mcu.externaltools.gnu-tools-for-stm32.10.3-2021.10.win32_1.0.100.202210260954/tools/bin/../lib/gcc/arm-none-eabi/10.3.1/thumb/v7e-m+fp/hard\libgcc.a(_udivmoddi4.o)
