../Core/Src/main.c:78:6:vApplicationIdleHook	16	static
../Core/Src/main.c:96:6:IdleTask	24	static
../Core/Src/main.c:108:6:TaskMonitor_App	16	static
../Core/Src/main.c:116:6:Red_LED_App	24	static
../Core/Src/main.c:125:6:Green_LED_App	24	static
../Core/Src/main.c:134:6:Delay_App	24	static
../Core/Src/main.c:155:5:main	16	static
../Core/Src/main.c:251:6:SystemClock_Config	88	static
../Core/Src/main.c:298:13:MX_USART2_UART_Init	8	static
../Core/Src/main.c:331:13:MX_GPIO_Init	56	static
../Core/Src/main.c:473:6:HAL_TIM_PeriodElapsedCallback	16	static
../Core/Src/main.c:490:6:Error_Handler	4	static,ignoring_inline_asm
